// Jest Snapshot v1, https://goo.gl/fbAQLP

exports[`Testing StoryTopic component Should match the snapshot 1`] = `
<styled.div>
  <h1>
    Home
  </h1>
</styled.div>
`;
