// Jest Snapshot v1, https://goo.gl/fbAQLP

exports[`Testing StoryComponents Should match the snapshot 1`] = `
<ErrorBoundary
  FallbackComponent={[Function]}
>
  <styled.div>
    <TopStories />
    <MostPopular />
  </styled.div>
</ErrorBoundary>
`;
