// Jest Snapshot v1, https://goo.gl/fbAQLP

exports[`Testing TopStories component Should match snapshot 1`] = `
.c0 {
  margin-top: 15px;
}

.c0 h1 {
  font-family: var(--font-header);
  font-size: var(--size-category-selected);
  font-weight: 900;
  margin: 0;
  text-transform: capitalize;
}

.c0 img {
  height: 100%;
}

.c6 {
  margin: 0;
  margin-left: 10px;
  width: 30%;
  font-family: var(--font-text);
  font-size: var(--size-sub-menu);
}

.c6 span {
  font-family: var(--font-header);
  font-weight: 900;
}

.c11 {
  -webkit-text-decoration: none;
  text-decoration: none;
  color: #707070;
  font-size: var(--size-sub-menu);
  font-family: var(--font-links);
  font-weight: bold;
  margin-bottom: 20px;
  cursor: pointer;
  display: inline-block;
  position: relative;
  -webkit-transition: color 0.3s ease-in;
  transition: color 0.3s ease-in;
}

.c11:hover {
  color: black;
}

.c11:after {
  content: "";
  position: absolute;
  bottom: -7px;
  left: 0;
  width: 110px;
  background: var(--gray);
  height: 2px;
}

.c1 {
  display: grid;
  grid-template-columns: repeat(2,1fr);
  width: 100%;
  margin-top: 20px;
}

.c10 {
  font-family: var(--font-text);
  font-size: var(--size-sub-menu);
  color: var(--gray);
  margin: 10px 0;
}

.c4 {
  display: -webkit-box;
  display: -webkit-flex;
  display: -ms-flexbox;
  display: flex;
  -webkit-align-items: center;
  -webkit-box-align: center;
  -ms-flex-align: center;
  align-items: center;
  padding-top: 10px;
}

.c8 {
  font-family: var(--font-header);
  font-size: var(--size-header-long);
}

.c2 {
  border-right: 1.3px solid lightgray;
}

.c2:not(:first-child) {
  padding: 0 40px;
}

.c2:not(:first-child) img {
  display: none;
}

.c2:not(:first-child) .c9 {
  display: none;
}

.c2:not(:first-child) .c3 {
  padding-top: 0;
}

.c2:not(:first-child) .c7 {
  font-size: var(--size-category-selected);
}

.c2:first-child {
  grid-row: span 2;
  padding-right: 40px;
}

.c2:last-child {
  display: -webkit-box;
  display: -webkit-flex;
  display: -ms-flexbox;
  display: flex;
  -webkit-box-pack: justify;
  -webkit-justify-content: space-between;
  -ms-flex-pack: justify;
  justify-content: space-between;
  -webkit-flex-direction: column;
  -ms-flex-direction: column;
  flex-direction: column;
  padding-bottom: 7px;
  margin-top: 15%;
}

.c2:nth-child(2) {
  display: -webkit-box;
  display: -webkit-flex;
  display: -ms-flexbox;
  display: flex;
  -webkit-box-pack: justify;
  -webkit-justify-content: space-between;
  -ms-flex-pack: justify;
  justify-content: space-between;
  -webkit-flex-direction: column;
  -ms-flex-direction: column;
  flex-direction: column;
  padding-bottom: 7px;
}

.c5 {
  background: black;
  color: white;
  padding: 7px 15px;
  text-transform: uppercase;
  font-family: var(--font-links);
  font-size: var(--size-text);
  font-weight: 400;
}

@media (max-width:768px) {
  .c6 {
    display: none;
  }
}

@media (min-width:1400px) {
  .c1 {
    width: 1000px;
  }
}

@media (max-width:1400px) {
  .c1 {
    grid-template-columns: 1fr;
  }
}

@media (max-width:830px) {
  .c1 {
    margin-bottom: 50px;
  }
}

@media (max-width:1400px) {
  .c2:not(:first-child) {
    padding: 0 40px 0 0;
    margin-top: 30px;
  }

  .c2 img {
    width: 100%;
    object-fit: cover;
    object-position: center;
  }
}

@media (max-width:830px) {
  .c2 {
    border-right: none;
    position: relative;
  }

  .c2:after {
    content: "";
    position: absolute;
    left: 0;
    bottom: 0;
    width: 100%;
    height: 1.3px;
    background: lightgray;
  }

  .c2:not(:first-child) {
    padding: 20px 0;
    margin-top: 0;
  }

  .c2:first-child {
    padding-bottom: 20px;
    padding-right: 0;
  }

  .c2:last-child {
    padding: 20px 0;
    margin-top: 0;
  }
}

<TopStories
  store={
    Object {
      "clearActions": [Function],
      "dispatch": [Function],
      "getActions": [Function],
      "getState": [Function],
      "replaceReducer": [Function],
      "subscribe": [Function],
    }
  }
>
  <div>
    <StoryTopic>
      <styled.div>
        <div
          className="c0"
        >
          <h1 />
        </div>
      </styled.div>
    </StoryTopic>
    <styled.div>
      <div
        className="c1"
      >
        <styled.div
          key="As Christmas Nears, Virus Experts Look for Lessons From Thanksgiving and more"
        >
          <div
            className="c2"
          >
            <img
              alt="story"
              src="https://static01.nyt.com/images/2020/12/19/us/covid-thanksgiving-effect-promo-1608423451574/covid-thanksgiving-effect-promo-1608423451574-thumbLarge.jpg"
              style={
                Object {
                  "width": "100%",
                }
              }
            />
            <styled.div>
              <div
                className="c3 c4"
              >
                <h1>
                  <styled.span>
                    <span
                      className="c5"
                    >
                      us
                    </span>
                  </styled.span>
                </h1>
                <styled.p
                  margin="10px"
                  width="30%"
                >
                  <p
                    className="c6"
                    width="30%"
                  >
                    Dec 20, 2020
                  </p>
                </styled.p>
              </div>
            </styled.div>
            <styled.h1
              header={
                Array [
                  "As",
                  "Christmas",
                  "Nears,",
                  "Virus",
                  "Experts",
                  "Look",
                  "for",
                  "Lessons",
                  "From",
                  "Thanksgiving",
                  "and",
                  "more",
                ]
              }
            >
              <h1
                className="c7 c8"
              >
                As Christmas Nears, Virus Experts Look for Lessons From Thanksgiving and more
              </h1>
            </styled.h1>
            <styled.h3>
              <h3
                className="c9 c10"
              >
                Public health experts warned that large holiday gatherings would spread the coronavirus broadly. Weeks later, the data is complicated.
                ...
              </h3>
            </styled.h3>
            <styled.a
              href="https://www.nytimes.com/interactive/2020/12/20/us/covid-thanksgiving-effect.html"
              rel="noopener"
              target="_blank"
            >
              <a
                className="c11"
                href="https://www.nytimes.com/interactive/2020/12/20/us/covid-thanksgiving-effect.html"
                rel="noopener"
                target="_blank"
              >
                Continue Reading
              </a>
            </styled.a>
          </div>
        </styled.div>
      </div>
    </styled.div>
  </div>
</TopStories>
`;
