// Jest Snapshot v1, https://goo.gl/fbAQLP

exports[`Testing UserAvatar component Should match the snapshot 1`] = `
<styled.div>
  <UserImage
    width="100%"
  />
  <form>
    <label
      htmlFor="single"
    >
      Change Avatar*
    </label>
    <input
      id="single"
      onChange={[Function]}
      type="file"
    />
  </form>
  <h2>
    *Should be smaller than 
    <span>
      2MB
    </span>
  </h2>
</styled.div>
`;
